
> sonacohort@0.1.0 build
> next build --turbopack

   ▲ Next.js 15.5.9 (Turbopack)
   - Environments: .env.local

   Creating an optimized production build ...
 ✓ Finished writing to disk in 589ms
 ✓ Compiled successfully in 10.4s
   Linting and checking validity of types ...

./src/app/api/cron/diagnostics/route.ts
1:10  Warning: 'NextRequest' is defined but never used.  @typescript-eslint/no-unused-vars

info  - Need to disable some ESLint rules? Learn more here: https://nextjs.org/docs/app/api-reference/config/eslint#disabling-rules
   Collecting page data ...
   Generating static pages (0/38) ...
   Generating static pages (9/38) 
   Generating static pages (18/38) 
   Generating static pages (28/38) 
 ✓ Generating static pages (38/38)
   Finalizing page optimization ...
   Collecting build traces ...

Route (app)                                                                                   Size  First Load JS
┌ ○ /                                                                                      9.38 kB         193 kB
├ ○ /_not-found                                                                                0 B         183 kB
├ ○ /admin/analytics                                                                       13.7 kB         222 kB
├ ○ /admin/dashboard                                                                       27.6 kB         228 kB
├ ƒ /api/cron/diagnostics                                                                      0 B            0 B
├ ƒ /api/cron/reminders                                                                        0 B            0 B
├ ƒ /api/cron/send-email                                                                       0 B            0 B
├ ƒ /api/detect-roles                                                                          0 B            0 B
├ ƒ /api/microsoft/refresh-token                                                               0 B            0 B
├ ƒ /api/microsoft/send-mail                                                                   0 B            0 B
├ ƒ /api/microsoft/token                                                                       0 B            0 B
├ ƒ /api/send-export-email                                                                     0 B            0 B
├ ƒ /api/set-role                                                                              0 B            0 B
├ ○ /auth/auth-code-error                                                                   5.4 kB         226 kB
├ ƒ /auth/callback                                                                             0 B            0 B
├ ○ /auth/detect-role                                                                      1.41 kB         185 kB
├ ○ /auth/select-role                                                                      3.45 kB         187 kB
├ ○ /faculty-portal/dashboard                                                              3.31 kB         214 kB
├ ƒ /faculty-portal/subject/[allocationId]                                                 11.7 kB         228 kB
├ ○ /faculty/analytics                                                                     10.5 kB         231 kB
├ ○ /faculty/attendance                                                                    20.5 kB         238 kB
├ ○ /faculty/classes                                                                       12.4 kB         373 kB
├ ○ /faculty/dashboard                                                                     27.1 kB         353 kB
├ ƒ /faculty/department/[deptId]/year/[yearId]                                             20.4 kB         335 kB
├ ƒ /faculty/department/[deptId]/year/[yearId]/section/[sectionId]                         67.3 kB         428 kB
├ ƒ /faculty/department/[deptId]/year/[yearId]/section/[sectionId]/class/[classId]/[date]  9.69 kB         230 kB
├ ○ /faculty/exams                                                                         17.6 kB         378 kB
├ ƒ /faculty/exams/[examId]                                                                  15 kB         375 kB
├ ƒ /faculty/exams/[examId]/peer-tutor/[peerTutorId]                                       17.7 kB         378 kB
├ ƒ /faculty/feedback-analytics/[formId]                                                   7.91 kB         510 kB
├ ○ /faculty/manage-faculty                                                                13.9 kB         234 kB
├ ○ /faculty/peer-tutor                                                                    55.8 kB         601 kB
├ ƒ /faculty/peer-tutor/[tutorId]                                                          16.5 kB         243 kB
├ ƒ /faculty/peer-tutor/[tutorId]/reports/[subjectId]                                      8.37 kB         235 kB
├ ○ /faculty/renumeration                                                                  10.9 kB         231 kB
├ ○ /faculty/settings                                                                      12.4 kB         228 kB
├ ○ /login                                                                                 8.17 kB         191 kB
├ ○ /peer/attendance                                                                       7.82 kB         224 kB
├ ƒ /peer/attendance/[studentId]                                                           6.97 kB         223 kB
├ ○ /peer/classes                                                                          41.2 kB         434 kB
├ ○ /peer/dashboard                                                                        23.7 kB         379 kB
├ ○ /peer/exams                                                                            7.89 kB         218 kB
├ ƒ /peer/exams/[examId]                                                                   21.2 kB         371 kB
├ ○ /peer/reports                                                                          23.8 kB         512 kB
├ ○ /peer/reports/subject                                                                  15.9 kB         371 kB
├ ○ /student/dashboard                                                                     18.8 kB         219 kB
└ ○ /student/students                                                                      15.2 kB         207 kB
+ First Load JS shared by all                                                               209 kB
  ├ chunks/0e4889d356df2fcb.js                                                             58.9 kB
  ├ chunks/30123a071654b2b4.js                                                               36 kB
  ├ chunks/58ef58c3cf2ecc56.js                                                             13.1 kB
  ├ chunks/929b06cc00ae16ff.js                                                             17.2 kB
  ├ chunks/a2e5ab3292f98a48.js                                                             20.8 kB
  ├ chunks/de9c20aa0e292da0.js                                                             11.3 kB
  ├ chunks/fc8bb07f053cf53a.css                                                              24 kB
  └ other shared chunks (total)                                                            27.8 kB


ƒ Middleware                                                                               72.4 kB

○  (Static)   prerendered as static content
ƒ  (Dynamic)  server-rendered on demand

